
		#####  BEGIN RETIMING REPORT  #####

Retiming summary : 30 registers retimed to 174

Original and Pipelined registers replaced by retiming :
		je.QNT_DU[0]
		je.QNT_DU[1]
		je.QNT_DU[2]
		je.QNT_DU[3]
		je.QNT_DU[4]
		je.QNT_DU[5]
		je.QNT_DU[6]
		je.QNT_DU[7]
		je.QNT_DU[8]
		je.QNT_DU[9]
		je.QNT_DU[10]
		je.QNT_DU[11]
		je.QNT_DU[12]
		je.QNT_DU[13]
		je.QNT_DU[14]
		je.ram_rom.fdtbl_rom_data_2_0_dreg[7]
		u_OV7670_Controller.LUT.sreg[0]
		u_OV7670_Controller.LUT.sreg[1]
		u_OV7670_Controller.LUT.sreg[2]
		u_OV7670_Controller.LUT.sreg[3]
		u_OV7670_Controller.LUT.sreg[4]
		u_OV7670_Controller.LUT.sreg[5]
		u_OV7670_Controller.LUT.sreg[6]
		u_OV7670_Controller.LUT.sreg[7]
		u_OV7670_Controller.LUT.sreg[8]
		u_OV7670_Controller.LUT.sreg[9]
		u_OV7670_Controller.LUT.sreg[10]
		u_OV7670_Controller.LUT.sreg[11]
		u_OV7670_Controller.LUT.sreg[12]
		u_OV7670_Controller.LUT.sreg[13]

New registers created by retiming :
		fdtbl_rom_data_2_0_dreg_ret_3
		je.QNT_DU_ret
		je.QNT_DU_ret_0
		je.QNT_DU_ret_1
		je.QNT_DU_ret_2
		je.QNT_DU_ret_3
		je.QNT_DU_ret_4
		je.QNT_DU_ret_5
		je.QNT_DU_ret_6
		je.QNT_DU_ret_7
		je.QNT_DU_ret_8
		je.QNT_DU_ret_9
		je.QNT_DU_ret_10
		je.QNT_DU_ret_11
		je.QNT_DU_ret_12
		je.QNT_DU_ret_12[1]
		je.QNT_DU_ret_12[2]
		je.QNT_DU_ret_12[3]
		je.QNT_DU_ret_12[4]
		je.QNT_DU_ret_12[5]
		je.QNT_DU_ret_12[6]
		je.QNT_DU_ret_12[7]
		je.QNT_DU_ret_13
		je.QNT_DU_ret_14
		je.QNT_DU_ret_15
		je.QNT_DU_ret_16
		je.QNT_DU_ret_17
		je.QNT_DU_ret_18
		je.QNT_DU_ret_19
		je.QNT_DU_ret_20
		je.QNT_DU_ret_73[1]
		je.QNT_DU_ret_73[2]
		je.QNT_DU_ret_73[3]
		je.QNT_DU_ret_73[4]
		je.QNT_DU_ret_73[5]
		je.QNT_DU_ret_73[6]
		je.QNT_DU_ret_73[7]
		je.QNT_DU_ret_73[8]
		je.QNT_DU_ret_73[9]
		je.QNT_DU_ret_73[10]
		je.QNT_DU_ret_73[11]
		je.QNT_DU_ret_73[12]
		je.QNT_DU_ret_73[13]
		je.QNT_DU_ret_73[14]
		je.QNT_DU_ret_73[15]
		je.QNT_DU_ret_73[16]
		je.QNT_DU_ret_73[17]
		je.QNT_DU_ret_77[0]
		je.QNT_DU_ret_77[1]
		je.QNT_DU_ret_77[2]
		je.QNT_DU_ret_77[3]
		je.QNT_DU_ret_101
		je.QNT_DU_ret_104
		je.QNT_DU_ret_116[0]
		je.QNT_DU_ret_116[1]
		je.QNT_DU_ret_116[2]
		je.QNT_DU_ret_116[3]
		je.QNT_DU_ret_116[4]
		je.QNT_DU_ret_116[5]
		je.QNT_DU_ret_116[6]
		je.QNT_DU_ret_116[7]
		je.QNT_DU_ret_116_fast[0]
		je.QNT_DU_ret_126
		je.QNT_DU_ret_133
		je.QNT_DU_ret_136
		je.QNT_DU_ret_139
		je.QNT_DU_ret_142
		je.QNT_DU_ret_145
		je.QNT_DU_ret_416
		je.QNT_DU_ret_416[0]
		je.QNT_DU_ret_416[1]
		je.QNT_DU_ret_416[2]
		je.QNT_DU_ret_416[3]
		je.QNT_DU_ret_416[4]
		je.QNT_DU_ret_416[5]
		je.QNT_DU_ret_416[6]
		je.un5_QNT_DU.QNT_DU_ret
		je.un5_QNT_DU.QNT_DU_ret_1
		je.un5_QNT_DU.QNT_DU_ret_2
		je.un5_QNT_DU.QNT_DU_ret_3
		je.un5_QNT_DU.QNT_DU_ret_4
		je.un5_QNT_DU.QNT_DU_ret_5
		je.un5_QNT_DU.QNT_DU_ret_6
		je.un5_QNT_DU.QNT_DU_ret_7
		je.un5_QNT_DU.QNT_DU_ret_8
		je.un5_QNT_DU.QNT_DU_ret_9
		je.un5_QNT_DU.QNT_DU_ret_10
		je.un5_QNT_DU.QNT_DU_ret_11
		je.un5_QNT_DU.QNT_DU_ret_12
		je.un5_QNT_DU.QNT_DU_ret_415
		je.un5_QNT_DU.QNT_DU_ret_428
		je.un5_QNT_DU.QNT_DU_ret_429
		je.un5_QNT_DU.QNT_DU_ret_430
		je.un5_QNT_DU.QNT_DU_ret_431
		je.un5_QNT_DU.fdtbl_rom_data_2_0_dreg_ret
		je.un5_QNT_DU.fdtbl_rom_data_2_0_dreg_ret_0
		je.un5_QNT_DU.fdtbl_rom_data_2_0_dreg_ret_1
		je.un5_QNT_DU.fdtbl_rom_data_2_0_dreg_ret_2
		je.un5_QNT_DU.fdtbl_rom_data_2_0_dreg_ret_3
		je.un5_QNT_DU.fdtbl_rom_data_2_0_dreg_ret_4
		je.un5_QNT_DU.fdtbl_rom_data_2_0_dreg_ret_5
		je.un5_QNT_DU.fdtbl_rom_data_2_0_dreg_ret_6
		je.un5_QNT_DU.fdtbl_rom_data_2_0_dreg_ret_7
		je.un5_QNT_DU.fdtbl_rom_data_2_0_dreg_ret_10
		je.un5_QNT_DU.fdtbl_rom_data_2_0_dreg_ret_11
		je.un5_QNT_DU.fdtbl_rom_data_2_0_dreg_ret_12
		je.un5_QNT_DU.fdtbl_rom_data_2_0_dreg_ret_13
		je.un5_QNT_DU.fdtbl_rom_data_2_0_dreg_ret_14
		je.un5_QNT_DU.fdtbl_rom_data_2_0_dreg_ret_15
		je.un5_QNT_DU.fdtbl_rom_data_2_0_dreg_ret_16
		je.un5_QNT_DU.fdtbl_rom_data_2_0_dreg_ret_17
		je.un5_QNT_DU.fdtbl_rom_data_2_0_dreg_ret_18
		je.un5_QNT_DU.fdtbl_rom_data_2_0_dreg_ret_19
		je.un5_QNT_DU.fdtbl_rom_data_2_0_dreg_ret_20
		je.un5_QNT_DU.fdtbl_rom_data_2_0_dreg_ret_21
		je.un5_QNT_DU.fdtbl_rom_data_2_0_dreg_ret_22
		je.un5_QNT_DU.fdtbl_rom_data_2_0_dreg_ret_23
		u_OV7670_Controller.LUT.sreg_3_15_0_.address_ret
		u_OV7670_Controller.LUT.sreg_3_15_0_.sreg_ret
		u_OV7670_Controller.LUT.sreg_3_15_0_.sreg_ret_1
		u_OV7670_Controller.LUT.sreg_3_15_0_.sreg_ret_2
		u_OV7670_Controller.LUT.sreg_3_15_0_.sreg_ret_3
		u_OV7670_Controller.LUT.sreg_3_15_0_.sreg_ret_4
		u_OV7670_Controller.LUT.sreg_3_15_0_.sreg_ret_5
		u_OV7670_Controller.LUT.sreg_3_15_0_.sreg_ret_6
		u_OV7670_Controller.LUT.sreg_3_15_0_.sreg_ret_7
		u_OV7670_Controller.LUT.sreg_3_15_0_.sreg_ret_8
		u_OV7670_Controller.LUT.sreg_3_15_0_.sreg_ret_9
		u_OV7670_Controller.LUT.sreg_3_15_0_.sreg_ret_10
		u_OV7670_Controller.LUT.sreg_3_15_0_.sreg_ret_11
		u_OV7670_Controller.LUT.sreg_3_15_0_.sreg_ret_12
		u_OV7670_Controller.LUT.sreg_3_15_0_.sreg_ret_13
		u_OV7670_Controller.LUT.sreg_3_15_0_.sreg_ret_14
		u_OV7670_Controller.LUT.sreg_3_15_0_.sreg_ret_15
		u_OV7670_Controller.LUT.sreg_3_15_0_.sreg_ret_16
		u_OV7670_Controller.LUT.sreg_3_15_0_.sreg_ret_17
		u_OV7670_Controller.LUT.sreg_3_15_0_.sreg_ret_18
		u_OV7670_Controller.LUT.sreg_3_15_0_.sreg_ret_19
		u_OV7670_Controller.LUT.sreg_3_15_0_.sreg_ret_20
		u_OV7670_Controller.LUT.sreg_3_15_0_.sreg_ret_21
		u_OV7670_Controller.LUT.sreg_3_15_0_.sreg_ret_22
		u_OV7670_Controller.LUT.sreg_3_15_0_.sreg_ret_23
		u_OV7670_Controller.LUT.sreg_3_15_0_.sreg_ret_24
		u_OV7670_Controller.LUT.sreg_3_15_0_.sreg_ret_25
		u_OV7670_Controller.LUT.sreg_3_15_0_.sreg_ret_26
		u_OV7670_Controller.LUT.sreg_3_15_0_.sreg_ret_27
		u_OV7670_Controller.LUT.sreg_ret
		u_OV7670_Controller.LUT.sreg_ret_1
		u_OV7670_Controller.LUT.sreg_ret_2
		u_OV7670_Controller.LUT.sreg_ret_3
		u_OV7670_Controller.LUT.sreg_ret_4
		u_OV7670_Controller.LUT.sreg_ret_5
		u_OV7670_Controller.LUT.sreg_ret_6
		u_OV7670_Controller.LUT.sreg_ret_7
		u_OV7670_Controller.LUT.sreg_ret_8
		u_OV7670_Controller.LUT.sreg_ret_9
		u_OV7670_Controller.LUT.sreg_ret_10
		u_OV7670_Controller.LUT.sreg_ret_11
		u_OV7670_Controller.LUT.sreg_ret_12
		u_OV7670_Controller.LUT.sreg_ret_13
		u_OV7670_Controller.LUT.sreg_ret_14
		u_OV7670_Controller.LUT.sreg_ret_15
		u_OV7670_Controller.LUT.sreg_ret_16
		u_OV7670_Controller.LUT.sreg_ret_17
		u_OV7670_Controller.LUT.sreg_ret_18
		u_OV7670_Controller.LUT.sreg_ret_19
		u_OV7670_Controller.LUT.sreg_ret_20
		u_OV7670_Controller.LUT.sreg_ret_21
		u_OV7670_Controller.LUT.sreg_ret_22
		u_OV7670_Controller.LUT.sreg_ret_23
		u_OV7670_Controller.LUT.sreg_ret_24
		u_OV7670_Controller.LUT.sreg_ret_25
		u_OV7670_Controller.LUT.sreg_ret_26
		u_OV7670_Controller.LUT.sreg_ret_27


		#####   END RETIMING REPORT  #####

